
[0;36m========================================[0m
[0;36mEVALUADOR DE RAMA: blackhatbash[0m
[0;36m========================================[0m

[0;34m[INFO][0m Validando repositorio...
[0;32m[✓][0m Repositorio Git validado en: .
[0;34m[INFO][0m Validando rama...
[0;32m[✓][0m Rama 'blackhatbash' encontrada

[0;36m========================================[0m
[0;36mRECOLECTANDO DATOS[0m
[0;36m========================================[0m

[0;32m[✓][0m Datos recolectados

[0;36m========================================[0m
[0;36mCALCULANDO MÉTRICAS[0m
[0;36m========================================[0m

[0;34m[INFO][0m 1. Calidad de commits...
[0;32m[✓][0m Puntuación: 94/100
[0;34m[INFO][0m 2. Horario de commits...
[0;32m[✓][0m Puntuación: 92/100 (In-hours: 11, Out-hours: 1)
[0;34m[INFO][0m 3. Calidad de mensajes...
[0;32m[✓][0m Puntuación: 93/100 (Excelente: 10, Bueno: 2, Pobre: 0)
[0;34m[INFO][0m 4. Consistencia de commits...
[0;32m[✓][0m Puntuación: 90/100 (Total: 12 commits en 6 días)
[0;34m[INFO][0m 5. Cobertura de cambios...
[0;32m[✓][0m Puntuación: 95/100 (Archivos: 36, Promedio por commit: 3)
[0;34m[INFO][0m 6. Tamaño de commits...
[0;32m[✓][0m Puntuación: 95/100 (Líneas totales: 1200, Promedio: 100 por commit)
[0;34m[INFO][0m 7. Limpieza de merge commits...
[0;32m[✓][0m Puntuación: 100/100 (Merge commits: 0)
[0;34m[INFO][0m 8. Actividad fuera de horas...
[0;32m[✓][0m Puntuación: 90/100 (Madrugada: 0, Después horas: 1, Fin semana: 1)
[0;34m[INFO][0m 9. Integridad del código...
[0;32m[✓][0m Puntuación: 95/100 (Problemas detectados: 0)
[0;34m[INFO][0m 10. Convención de nombres...
[0;32m[✓][0m Puntuación: 94/100 (Convencionales: 11/12)

[0;36m========================================[0m
[0;36mRESULTADO FINAL[0m
[0;36m========================================[0m


[0;35m╔════════════════════════════════════════╗[0m
[0;35m║[0m         PUNTUACIÓN FINAL: [0;32m93/100[0m[0;35m            ║[0m
[0;35m║[0m         Calificación: [1;33mEXCELENTE (A)[0m[0;35m     ║[0m
[0;35m╚════════════════════════════════════════╝[0m


[0;36m========================================[0m
[0;36mGENERANDO REPORTES[0m
[0;36m========================================[0m

[0;32m[✓][0m Reporte JSON: ./blackhatbash_reports/rubrica_20260617_132347.json
[0;32m[✓][0m Reporte HTML: ./blackhatbash_reports/rubrica_20260617_132347.html

[0;36m=== RESUMEN DE PUNTUACIONES ===[0m

MÉTRICA                                 | SCORE | PESO %
──────────────────────────────────────────────────────────── |
1. Calidad de Commits                    |    94 |    15
2. Horario de Commits (7 AM - 9 AM)      |    92 |    15
3. Calidad de Mensajes                   |    93 |    15
4. Consistencia                          |    90 |    10
5. Cobertura de Cambios                  |    95 |    10
6. Tamaño de Commits                    |    95 |    10
7. Limpieza (Merge Commits)              |   100 |     5
8. Actividad Fuera de Horas              |    90 |     5
9. Integridad del Código                |    95 |    10
10. Convención de Nombres               |    94 |     5
──────────────────────────────────────────────────────────── |
PUNTUACIÓN FINAL PONDERADA              |    93 |   100


[0;36m========================================[0m
[0;36mDETALLES TÉCNICOS[0m
[0;36m========================================[0m

[0;34mCommits totales:[0m 12
[0;34mPeríodo de desarrollo:[0m 6 días
[0;34mCommits/día promedio:[0m 2
[0;34mArchivos modificados:[0m 36
[0;34mLíneas totales:[0m 1200
[0;34mMensajes siguiendo convención:[0m 11/12


[0;36m========================================[0m
[0;36mANÁLISIS Y RECOMENDACIONES[0m
[0;36m========================================[0m

[0;32m[✓][0m ¡Excelente trabajo! La rama cumple óptimamente con todos los estándares requeridos.
